\BOOKMARK [0][-]{Doc-Start}{\376\377\000T\000I\000T\000L\000E\000\040\000P\000A\000G\000E}{}% 1
\BOOKMARK [0][-]{section*.2}{\376\377\000A\000U\000T\000H\000O\000R\000'\000S\000\040\000D\000E\000C\000L\000A\000R\000A\000T\000I\000O\000N}{}% 2
\BOOKMARK [0][-]{section*.3}{\376\377\000A\000C\000K\000N\000O\000W\000L\000E\000D\000G\000E\000M\000E\000N\000T\000S}{}% 3
\BOOKMARK [0][-]{section*.4}{\376\377\000A\000B\000S\000T\000R\000A\000C\000T}{}% 4
\BOOKMARK [0][-]{section*.6}{\376\377\000L\000I\000S\000T\000\040\000O\000F\000\040\000T\000A\000B\000L\000E\000S}{}% 5
\BOOKMARK [0][-]{section*.8}{\376\377\000L\000I\000S\000T\000\040\000O\000F\000\040\000F\000I\000G\000U\000R\000E\000S}{}% 6
\BOOKMARK [0][-]{chapter.1}{\376\377\000I\000N\000T\000R\000O\000D\000U\000C\000T\000I\000O\000N}{}% 7
\BOOKMARK [1][-]{section.1.1}{\376\377\000B\000a\000c\000k\000g\000r\000o\000u\000n\000d\000\040\000o\000f\000\040\000t\000h\000e\000\040\000S\000t\000u\000d\000y}{chapter.1}% 8
\BOOKMARK [1][-]{section.1.2}{\376\377\000S\000t\000a\000t\000e\000m\000e\000n\000t\000\040\000o\000f\000\040\000t\000h\000e\000\040\000P\000r\000o\000b\000l\000e\000m}{chapter.1}% 9
\BOOKMARK [1][-]{section.1.3}{\376\377\000R\000e\000s\000e\000a\000r\000c\000h\000\040\000Q\000u\000e\000s\000t\000i\000o\000n\000s}{chapter.1}% 10
\BOOKMARK [1][-]{section.1.4}{\376\377\000H\000y\000p\000o\000t\000h\000e\000s\000e\000s}{chapter.1}% 11
\BOOKMARK [1][-]{section.1.5}{\376\377\000O\000b\000j\000e\000c\000t\000i\000v\000e\000s\000\040\000o\000f\000\040\000t\000h\000e\000\040\000S\000t\000u\000d\000y}{chapter.1}% 12
\BOOKMARK [1][-]{section.1.6}{\376\377\000M\000e\000t\000h\000o\000d\000o\000l\000o\000g\000y\000\040\000O\000v\000e\000r\000v\000i\000e\000w}{chapter.1}% 13
\BOOKMARK [1][-]{section.1.7}{\376\377\000S\000c\000o\000p\000e\000\040\000a\000n\000d\000\040\000L\000i\000m\000i\000t\000a\000t\000i\000o\000n\000s}{chapter.1}% 14
\BOOKMARK [1][-]{section.1.8}{\376\377\000K\000e\000y\000\040\000F\000i\000n\000d\000i\000n\000g\000s}{chapter.1}% 15
\BOOKMARK [1][-]{section.1.9}{\376\377\000C\000o\000n\000t\000r\000i\000b\000u\000t\000i\000o\000n\000s}{chapter.1}% 16
\BOOKMARK [0][-]{chapter.2}{\376\377\000R\000E\000L\000A\000T\000E\000D\000\040\000W\000O\000R\000K}{}% 17
\BOOKMARK [1][-]{section.2.1}{\376\377\000V\000o\000c\000a\000l\000\040\000C\000u\000e\000s\000\040\000f\000o\000r\000\040\000M\000e\000n\000t\000a\000l\000\040\000S\000t\000a\000t\000e\000\040\000A\000s\000s\000e\000s\000s\000m\000e\000n\000t}{chapter.2}% 18
\BOOKMARK [1][-]{section.2.2}{\376\377\000S\000p\000e\000e\000c\000h\000\040\000a\000n\000d\000\040\000T\000e\000x\000t\000\040\000E\000m\000o\000t\000i\000o\000n\000\040\000R\000e\000c\000o\000g\000n\000i\000t\000i\000o\000n}{chapter.2}% 19
\BOOKMARK [1][-]{section.2.3}{\376\377\000A\000I\000\040\000a\000n\000d\000\040\000C\000B\000T\000-\000B\000a\000s\000e\000d\000\040\000I\000n\000t\000e\000r\000v\000e\000n\000t\000i\000o\000n\000s}{chapter.2}% 20
\BOOKMARK [1][-]{section.2.4}{\376\377\000E\000m\000o\000t\000i\000o\000n\000a\000l\000\040\000D\000i\000s\000s\000o\000n\000a\000n\000c\000e\000\040\000a\000n\000d\000\040\000M\000u\000l\000t\000i\000m\000o\000d\000a\000l\000\040\000I\000n\000c\000o\000n\000s\000i\000s\000t\000e\000n\000c\000y}{chapter.2}% 21
\BOOKMARK [1][-]{section.2.5}{\376\377\000V\000o\000i\000c\000e\000\040\000S\000y\000n\000t\000h\000e\000s\000i\000s\000\040\000f\000o\000r\000\040\000T\000h\000e\000r\000a\000p\000e\000u\000t\000i\000c\000\040\000A\000p\000p\000l\000i\000c\000a\000t\000i\000o\000n\000s}{chapter.2}% 22
\BOOKMARK [1][-]{section.2.6}{\376\377\000L\000L\000M\000-\000B\000a\000s\000e\000d\000\040\000E\000v\000a\000l\000u\000a\000t\000i\000o\000n\000\040\000o\000f\000\040\000T\000h\000e\000r\000a\000p\000e\000u\000t\000i\000c\000\040\000Q\000u\000a\000l\000i\000t\000y}{chapter.2}% 23
\BOOKMARK [1][-]{section.2.7}{\376\377\000S\000u\000m\000m\000a\000r\000y\000\040\000o\000f\000\040\000L\000i\000t\000e\000r\000a\000t\000u\000r\000e}{chapter.2}% 24
\BOOKMARK [0][-]{chapter.3}{\376\377\000M\000E\000T\000H\000O\000D\000O\000L\000O\000G\000Y}{}% 25
\BOOKMARK [1][-]{section.3.1}{\376\377\000S\000y\000s\000t\000e\000m\000\040\000A\000r\000c\000h\000i\000t\000e\000c\000t\000u\000r\000e\000\040\000a\000n\000d\000\040\000W\000o\000r\000k\000f\000l\000o\000w}{chapter.3}% 26
\BOOKMARK [2][-]{subsection.3.1.1}{\376\377\000P\000h\000a\000s\000e\000\040\0001\000:\000\040\000D\000i\000a\000l\000o\000g\000u\000e\000\040\000G\000e\000n\000e\000r\000a\000t\000i\000o\000n\000\040\000a\000n\000d\000\040\000A\000u\000d\000i\000o\000\040\000S\000y\000n\000t\000h\000e\000s\000i\000s}{section.3.1}% 27
\BOOKMARK [2][-]{subsection.3.1.2}{\376\377\000P\000h\000a\000s\000e\000\040\0002\000:\000\040\000V\000o\000c\000a\000l\000\040\000P\000r\000o\000s\000o\000d\000i\000c\000\040\000D\000e\000s\000c\000r\000i\000p\000t\000o\000r\000\040\000E\000x\000t\000r\000a\000c\000t\000i\000o\000n}{section.3.1}% 28
\BOOKMARK [2][-]{subsection.3.1.3}{\376\377\000P\000h\000a\000s\000e\000\040\0003\000:\000\040\000E\000m\000o\000t\000i\000o\000n\000a\000l\000\040\000F\000e\000a\000t\000u\000r\000e\000\040\000E\000x\000t\000r\000a\000c\000t\000i\000o\000n\000\040\000f\000r\000o\000m\000\040\000T\000e\000x\000t\000\040\000a\000n\000d\000\040\000S\000p\000e\000e\000c\000h}{section.3.1}% 29
\BOOKMARK [2][-]{subsection.3.1.4}{\376\377\000P\000h\000a\000s\000e\000\040\0004\000:\000\040\000E\000m\000o\000t\000i\000o\000n\000a\000l\000\040\000D\000i\000s\000s\000o\000n\000a\000n\000c\000e\000\040\000C\000o\000m\000p\000u\000t\000a\000t\000i\000o\000n}{section.3.1}% 30
\BOOKMARK [2][-]{subsection.3.1.5}{\376\377\000P\000h\000a\000s\000e\000\040\0005\000:\000\040\000M\000u\000l\000t\000i\000m\000o\000d\000a\000l\000\040\000T\000h\000e\000r\000a\000p\000i\000s\000t\000\040\000R\000e\000s\000p\000o\000n\000s\000e\000\040\000G\000e\000n\000e\000r\000a\000t\000i\000o\000n}{section.3.1}% 31
\BOOKMARK [2][-]{subsection.3.1.6}{\376\377\000P\000h\000a\000s\000e\000\040\0006\000:\000\040\000C\000l\000i\000e\000n\000t\000\040\000R\000e\000s\000i\000s\000t\000a\000n\000c\000e\000\040\000M\000o\000d\000e\000l\000i\000n\000g\000\040\000a\000n\000d\000\040\000A\000u\000t\000o\000m\000a\000t\000e\000d\000\040\000E\000v\000a\000l\000u\000a\000t\000i\000o\000n}{section.3.1}% 32
\BOOKMARK [0][-]{chapter.4}{\376\377\000E\000X\000P\000E\000R\000I\000M\000E\000N\000T}{}% 33
\BOOKMARK [1][-]{section.4.1}{\376\377\000R\000a\000t\000i\000o\000n\000a\000l\000e}{chapter.4}% 34
\BOOKMARK [1][-]{section.4.2}{\376\377\000R\000e\000s\000e\000a\000r\000c\000h\000\040\000Q\000u\000e\000s\000t\000i\000o\000n\000s}{chapter.4}% 35
\BOOKMARK [1][-]{section.4.3}{\376\377\000D\000a\000t\000a\000s\000e\000t}{chapter.4}% 36
\BOOKMARK [1][-]{section.4.4}{\376\377\000E\000x\000p\000e\000r\000i\000m\000e\000n\000t\000a\000l\000\040\000C\000o\000n\000d\000i\000t\000i\000o\000n\000s\000\040\000\050\000I\000n\000d\000e\000p\000e\000n\000d\000e\000n\000t\000\040\000V\000a\000r\000i\000a\000b\000l\000e\000\051}{chapter.4}% 37
\BOOKMARK [1][-]{section.4.5}{\376\377\000P\000r\000o\000c\000e\000d\000u\000r\000e}{chapter.4}% 38
\BOOKMARK [1][-]{section.4.6}{\376\377\000E\000v\000a\000l\000u\000a\000t\000i\000o\000n\000\040\000P\000r\000o\000t\000o\000c\000o\000l\000\040\000\050\000D\000e\000p\000e\000n\000d\000e\000n\000t\000\040\000M\000e\000a\000s\000u\000r\000e\000s\000\051}{chapter.4}% 39
\BOOKMARK [2][-]{subsection.4.6.1}{\376\377\000A\000u\000t\000o\000m\000a\000t\000e\000d\000\040\000J\000u\000d\000g\000e}{section.4.6}% 40
\BOOKMARK [2][-]{subsection.4.6.2}{\376\377\000E\000v\000a\000l\000u\000a\000t\000i\000o\000n\000\040\000M\000e\000t\000r\000i\000c\000s}{section.4.6}% 41
\BOOKMARK [2][-]{subsection.4.6.3}{\376\377\000S\000c\000o\000r\000i\000n\000g\000\040\000a\000n\000d\000\040\000A\000g\000g\000r\000e\000g\000a\000t\000i\000o\000n}{section.4.6}% 42
\BOOKMARK [1][-]{section.4.7}{\376\377\000I\000m\000p\000l\000e\000m\000e\000n\000t\000a\000t\000i\000o\000n\000\040\000D\000e\000t\000a\000i\000l\000s}{chapter.4}% 43
\BOOKMARK [0][-]{chapter.5}{\376\377\000R\000E\000S\000U\000L\000T}{}% 44
\BOOKMARK [1][-]{section.5.1}{\376\377\000R\000e\000s\000u\000l\000t\000\040\000C\000o\000r\000r\000e\000s\000p\000o\000n\000d\000i\000n\000g\000\040\000t\000o\000\040\000R\000Q\0001\000:\000\040\000D\000i\000s\000s\000o\000n\000a\000n\000c\000e\000\040\000A\000d\000v\000a\000n\000t\000a\000g\000e}{chapter.5}% 45
\BOOKMARK [1][-]{section.5.2}{\376\377\000R\000e\000s\000u\000l\000t\000\040\000C\000o\000r\000r\000e\000s\000p\000o\000n\000d\000i\000n\000g\000\040\000t\000o\000\040\000R\000Q\0002\000:\000\040\000B\000a\000c\000k\000b\000o\000n\000e\000\040\000R\000o\000b\000u\000s\000t\000n\000e\000s\000s}{chapter.5}% 46
\BOOKMARK [1][-]{section.5.3}{\376\377\000F\000u\000r\000t\000h\000e\000r\000\040\000A\000n\000a\000l\000y\000s\000i\000s}{chapter.5}% 47
\BOOKMARK [2][-]{subsection.5.3.1}{\376\377\000A\000b\000l\000a\000t\000i\000o\000n\000\040\000S\000t\000u\000d\000i\000e\000s}{section.5.3}% 48
\BOOKMARK [2][-]{subsection.5.3.2}{\376\377\000A\000n\000a\000l\000y\000z\000i\000n\000g\000\040\000D\000i\000s\000t\000r\000i\000b\000u\000t\000i\000o\000n}{section.5.3}% 49
\BOOKMARK [0][-]{chapter.6}{\376\377\000D\000I\000S\000C\000U\000S\000S\000I\000O\000N}{}% 50
\BOOKMARK [1][-]{section.6.1}{\376\377\000R\000e\000v\000i\000s\000i\000t\000i\000n\000g\000\040\000R\000e\000s\000e\000a\000r\000c\000h\000\040\000Q\000u\000e\000s\000t\000i\000o\000n\000s}{chapter.6}% 51
\BOOKMARK [1][-]{section.6.2}{\376\377\000C\000o\000m\000p\000a\000r\000i\000n\000g\000\040\000w\000i\000t\000h\000\040\000P\000a\000s\000t\000\040\000W\000o\000r\000k}{chapter.6}% 52
\BOOKMARK [1][-]{section.6.3}{\376\377\000E\000x\000p\000e\000r\000i\000m\000e\000n\000t\000a\000l\000\040\000D\000e\000c\000i\000s\000i\000o\000n\000s}{chapter.6}% 53
\BOOKMARK [1][-]{section.6.4}{\376\377\000D\000e\000s\000i\000g\000n\000\040\000I\000m\000p\000l\000i\000c\000a\000t\000i\000o\000n\000s}{chapter.6}% 54
\BOOKMARK [1][-]{section.6.5}{\376\377\000L\000i\000m\000i\000t\000a\000t\000i\000o\000n\000s\000\040\000a\000n\000d\000\040\000F\000u\000t\000u\000r\000e\000\040\000W\000o\000r\000k}{chapter.6}% 55
\BOOKMARK [0][-]{chapter.7}{\376\377\000C\000O\000N\000C\000L\000U\000S\000I\000O\000N}{}% 56
\BOOKMARK [0][-]{section*.19}{\376\377\000R\000E\000F\000E\000R\000E\000N\000C\000E\000S}{}% 57
\BOOKMARK [0][-]{section*.20}{\376\377\000A\000P\000P\000E\000N\000D\000I\000C\000E\000S}{}% 58
\BOOKMARK [1][-]{section*.21}{\376\377\000A\000P\000P\000E\000N\000D\000I\000X\000\040\000A\000:\000\040\000T\000I\000T\000L\000E}{section*.20}% 59
\BOOKMARK [0][-]{chapter.A}{\376\377\000T\000I\000T\000L\000E}{}% 60
\BOOKMARK [0][-]{section*.23}{\376\377\000V\000I\000T\000A}{}% 61
